PHPUnit 11.5.55 by Sebastian Bergmann and contributors.

Runtime:       PHP 8.5.0
Configuration: C:\Users\kissb\Desktop\talanpenzthoz\comproller\phpunit.xml

EEEE                                                                4 / 4 (100%)

Time: 00:01.583, Memory: 60.00 MB

There were 4 errors:

1) Tests\Feature\Login2FaTest::test_login_redirects_to_2fa_if_secret_exists
Symfony\Component\Routing\Exception\RouteNotFoundException: Route [filament.admin.pages.login2-fa] not defined.

C:\Users\kissb\Desktop\talanpenzthoz\comproller\vendor\laravel\framework\src\Illuminate\Routing\UrlGenerator.php:528
C:\Users\kissb\Desktop\talanpenzthoz\comproller\vendor\laravel\framework\src\Illuminate\Foundation\helpers.php:870
C:\Users\kissb\Desktop\talanpenzthoz\comproller\tests\Feature\Login2FaTest.php:28

2) Tests\Feature\Login2FaTest::test_2fa_page_can_be_rendered_if_session_has_id
Symfony\Component\Routing\Exception\RouteNotFoundException: Route [filament.admin.pages.login2-fa] not defined.

C:\Users\kissb\Desktop\talanpenzthoz\comproller\vendor\laravel\framework\src\Illuminate\Routing\UrlGenerator.php:528
C:\Users\kissb\Desktop\talanpenzthoz\comproller\vendor\laravel\framework\src\Illuminate\Foundation\helpers.php:870
C:\Users\kissb\Desktop\talanpenzthoz\comproller\tests\Feature\Login2FaTest.php:38

3) Tests\Feature\Login2FaTest::test_2fa_verification_logs_user_in
Symfony\Component\Routing\Exception\RouteNotFoundException: Route [filament.admin.pages.login2-fa] not defined.

C:\Users\kissb\Desktop\talanpenzthoz\comproller\vendor\laravel\framework\src\Illuminate\Routing\UrlGenerator.php:528
C:\Users\kissb\Desktop\talanpenzthoz\comproller\vendor\laravel\framework\src\Illuminate\Foundation\helpers.php:870
C:\Users\kissb\Desktop\talanpenzthoz\comproller\tests\Feature\Login2FaTest.php:55

4) Tests\Feature\Login2FaTest::test_2fa_verification_fails_with_invalid_code
Illuminate\View\ViewException: Method Livewire\Features\SupportRedirects\Redirector::send does not exist. (View: C:\Users\kissb\Desktop\talanpenzthoz\comproller\storage\framework\views\a168b0ebcff266df6b662fc4b6d06e88.blade.php)

C:\Users\kissb\Desktop\talanpenzthoz\comproller\vendor\laravel\framework\src\Illuminate\Macroable\Traits\Macroable.php:115
C:\Users\kissb\Desktop\talanpenzthoz\comproller\vendor\livewire\livewire\src\Mechanisms\ExtendBlade\ExtendedCompilerEngine.php:58
C:\Users\kissb\Desktop\talanpenzthoz\comproller\vendor\laravel\framework\src\Illuminate\View\Engines\PhpEngine.php:59
C:\Users\kissb\Desktop\talanpenzthoz\comproller\vendor\livewire\livewire\src\Mechanisms\ExtendBlade\ExtendedCompilerEngine.php:22
C:\Users\kissb\Desktop\talanpenzthoz\comproller\vendor\laravel\framework\src\Illuminate\View\Engines\CompilerEngine.php:76
C:\Users\kissb\Desktop\talanpenzthoz\comproller\vendor\livewire\livewire\src\Mechanisms\ExtendBlade\ExtendedCompilerEngine.php:10
C:\Users\kissb\Desktop\talanpenzthoz\comproller\vendor\laravel\framework\src\Illuminate\View\View.php:208
C:\Users\kissb\Desktop\talanpenzthoz\comproller\vendor\laravel\framework\src\Illuminate\View\View.php:191
C:\Users\kissb\Desktop\talanpenzthoz\comproller\vendor\laravel\framework\src\Illuminate\View\View.php:160
C:\Users\kissb\Desktop\talanpenzthoz\comproller\vendor\laravel\framework\src\Illuminate\View\Compilers\BladeCompiler.php:353
C:\Users\kissb\Desktop\talanpenzthoz\comproller\vendor\laravel\framework\src\Illuminate\Support\Facades\Facade.php:363
C:\Users\kissb\Desktop\talanpenzthoz\comproller\vendor\livewire\livewire\src\Features\SupportTesting\InitialRender.php:25
C:\Users\kissb\Desktop\talanpenzthoz\comproller\vendor\laravel\framework\src\Illuminate\Routing\CallableDispatcher.php:39
C:\Users\kissb\Desktop\talanpenzthoz\comproller\vendor\laravel\framework\src\Illuminate\Routing\Route.php:243
C:\Users\kissb\Desktop\talanpenzthoz\comproller\vendor\laravel\framework\src\Illuminate\Routing\Route.php:214
C:\Users\kissb\Desktop\talanpenzthoz\comproller\vendor\laravel\framework\src\Illuminate\Routing\Router.php:822
C:\Users\kissb\Desktop\talanpenzthoz\comproller\vendor\laravel\framework\src\Illuminate\Pipeline\Pipeline.php:180
C:\Users\kissb\Desktop\talanpenzthoz\comproller\vendor\laravel\framework\src\Illuminate\Pipeline\Pipeline.php:137
C:\Users\kissb\Desktop\talanpenzthoz\comproller\vendor\laravel\framework\src\Illuminate\Routing\Router.php:821
C:\Users\kissb\Desktop\talanpenzthoz\comproller\vendor\laravel\framework\src\Illuminate\Routing\Router.php:800
C:\Users\kissb\Desktop\talanpenzthoz\comproller\vendor\laravel\framework\src\Illuminate\Routing\Router.php:764
C:\Users\kissb\Desktop\talanpenzthoz\comproller\vendor\laravel\framework\src\Illuminate\Routing\Router.php:753
C:\Users\kissb\Desktop\talanpenzthoz\comproller\vendor\laravel\framework\src\Illuminate\Foundation\Http\Kernel.php:200
C:\Users\kissb\Desktop\talanpenzthoz\comproller\vendor\laravel\framework\src\Illuminate\Pipeline\Pipeline.php:180
C:\Users\kissb\Desktop\talanpenzthoz\comproller\vendor\laravel\framework\src\Illuminate\Pipeline\Pipeline.php:137
C:\Users\kissb\Desktop\talanpenzthoz\comproller\vendor\laravel\framework\src\Illuminate\Foundation\Http\Kernel.php:175
C:\Users\kissb\Desktop\talanpenzthoz\comproller\vendor\laravel\framework\src\Illuminate\Foundation\Http\Kernel.php:144
C:\Users\kissb\Desktop\talanpenzthoz\comproller\vendor\laravel\framework\src\Illuminate\Foundation\Testing\Concerns\MakesHttpRequests.php:607
C:\Users\kissb\Desktop\talanpenzthoz\comproller\vendor\livewire\livewire\src\Features\SupportTesting\InitialRender.php:33
C:\Users\kissb\Desktop\talanpenzthoz\comproller\vendor\livewire\livewire\src\Features\SupportTesting\RequestBroker.php:30
C:\Users\kissb\Desktop\talanpenzthoz\comproller\vendor\livewire\livewire\src\Features\SupportTesting\InitialRender.php:32
C:\Users\kissb\Desktop\talanpenzthoz\comproller\vendor\livewire\livewire\src\Features\SupportTesting\Render.php:24
C:\Users\kissb\Desktop\talanpenzthoz\comproller\vendor\livewire\livewire\src\Features\SupportTesting\InitialRender.php:31
C:\Users\kissb\Desktop\talanpenzthoz\comproller\vendor\livewire\livewire\src\Features\SupportTesting\InitialRender.php:17
C:\Users\kissb\Desktop\talanpenzthoz\comproller\vendor\livewire\livewire\src\Features\SupportTesting\Testable.php:50
C:\Users\kissb\Desktop\talanpenzthoz\comproller\vendor\livewire\livewire\src\LivewireManager.php:239
C:\Users\kissb\Desktop\talanpenzthoz\comproller\vendor\laravel\framework\src\Illuminate\Support\Facades\Facade.php:363
C:\Users\kissb\Desktop\talanpenzthoz\comproller\tests\Feature\Login2FaTest.php:93

Caused by
BadMethodCallException: Method Livewire\Features\SupportRedirects\Redirector::send does not exist.

C:\Users\kissb\Desktop\talanpenzthoz\comproller\vendor\laravel\framework\src\Illuminate\Macroable\Traits\Macroable.php:115
C:\Users\kissb\Desktop\talanpenzthoz\comproller\app\Filament\Pages\Login2Fa.php:25
C:\Users\kissb\Desktop\talanpenzthoz\comproller\vendor\laravel\framework\src\Illuminate\Container\BoundMethod.php:36
C:\Users\kissb\Desktop\talanpenzthoz\comproller\vendor\laravel\framework\src\Illuminate\Container\Util.php:43
C:\Users\kissb\Desktop\talanpenzthoz\comproller\vendor\laravel\framework\src\Illuminate\Container\BoundMethod.php:96
C:\Users\kissb\Desktop\talanpenzthoz\comproller\vendor\laravel\framework\src\Illuminate\Container\BoundMethod.php:35
C:\Users\kissb\Desktop\talanpenzthoz\comproller\vendor\livewire\livewire\src\Wrapped.php:23
C:\Users\kissb\Desktop\talanpenzthoz\comproller\vendor\livewire\livewire\src\Features\SupportLifecycleHooks\SupportLifecycleHooks.php:158
C:\Users\kissb\Desktop\talanpenzthoz\comproller\vendor\livewire\livewire\src\Features\SupportLifecycleHooks\SupportLifecycleHooks.php:35
C:\Users\kissb\Desktop\talanpenzthoz\comproller\vendor\livewire\livewire\src\ComponentHook.php:19
C:\Users\kissb\Desktop\talanpenzthoz\comproller\vendor\livewire\livewire\src\ComponentHookRegistry.php:45
C:\Users\kissb\Desktop\talanpenzthoz\comproller\vendor\livewire\livewire\src\EventBus.php:87
C:\Users\kissb\Desktop\talanpenzthoz\comproller\vendor\livewire\livewire\src\helpers.php:98
C:\Users\kissb\Desktop\talanpenzthoz\comproller\vendor\livewire\livewire\src\Mechanisms\HandleComponents\HandleComponents.php:76
C:\Users\kissb\Desktop\talanpenzthoz\comproller\vendor\livewire\livewire\src\LivewireManager.php:102
C:\Users\kissb\Desktop\talanpenzthoz\comproller\storage\framework\views\2aec49f207c962d7ac36c29a4fd21eeb.php:12
C:\Users\kissb\Desktop\talanpenzthoz\comproller\vendor\laravel\framework\src\Illuminate\Filesystem\Filesystem.php:123
C:\Users\kissb\Desktop\talanpenzthoz\comproller\vendor\laravel\framework\src\Illuminate\Filesystem\Filesystem.php:124
C:\Users\kissb\Desktop\talanpenzthoz\comproller\vendor\laravel\framework\src\Illuminate\View\Engines\PhpEngine.php:57
C:\Users\kissb\Desktop\talanpenzthoz\comproller\vendor\livewire\livewire\src\Mechanisms\ExtendBlade\ExtendedCompilerEngine.php:22
C:\Users\kissb\Desktop\talanpenzthoz\comproller\vendor\laravel\framework\src\Illuminate\View\Engines\CompilerEngine.php:76
C:\Users\kissb\Desktop\talanpenzthoz\comproller\vendor\livewire\livewire\src\Mechanisms\ExtendBlade\ExtendedCompilerEngine.php:10
C:\Users\kissb\Desktop\talanpenzthoz\comproller\vendor\laravel\framework\src\Illuminate\View\View.php:208
C:\Users\kissb\Desktop\talanpenzthoz\comproller\vendor\laravel\framework\src\Illuminate\View\View.php:191
C:\Users\kissb\Desktop\talanpenzthoz\comproller\vendor\laravel\framework\src\Illuminate\View\View.php:160
C:\Users\kissb\Desktop\talanpenzthoz\comproller\vendor\laravel\framework\src\Illuminate\View\Compilers\BladeCompiler.php:353
C:\Users\kissb\Desktop\talanpenzthoz\comproller\vendor\laravel\framework\src\Illuminate\Support\Facades\Facade.php:363
C:\Users\kissb\Desktop\talanpenzthoz\comproller\vendor\livewire\livewire\src\Features\SupportTesting\InitialRender.php:25
C:\Users\kissb\Desktop\talanpenzthoz\comproller\vendor\laravel\framework\src\Illuminate\Routing\CallableDispatcher.php:39
C:\Users\kissb\Desktop\talanpenzthoz\comproller\vendor\laravel\framework\src\Illuminate\Routing\Route.php:243
C:\Users\kissb\Desktop\talanpenzthoz\comproller\vendor\laravel\framework\src\Illuminate\Routing\Route.php:214
C:\Users\kissb\Desktop\talanpenzthoz\comproller\vendor\laravel\framework\src\Illuminate\Routing\Router.php:822
C:\Users\kissb\Desktop\talanpenzthoz\comproller\vendor\laravel\framework\src\Illuminate\Pipeline\Pipeline.php:180
C:\Users\kissb\Desktop\talanpenzthoz\comproller\vendor\laravel\framework\src\Illuminate\Pipeline\Pipeline.php:137
C:\Users\kissb\Desktop\talanpenzthoz\comproller\vendor\laravel\framework\src\Illuminate\Routing\Router.php:821
C:\Users\kissb\Desktop\talanpenzthoz\comproller\vendor\laravel\framework\src\Illuminate\Routing\Router.php:800
C:\Users\kissb\Desktop\talanpenzthoz\comproller\vendor\laravel\framework\src\Illuminate\Routing\Router.php:764
C:\Users\kissb\Desktop\talanpenzthoz\comproller\vendor\laravel\framework\src\Illuminate\Routing\Router.php:753
C:\Users\kissb\Desktop\talanpenzthoz\comproller\vendor\laravel\framework\src\Illuminate\Foundation\Http\Kernel.php:200
C:\Users\kissb\Desktop\talanpenzthoz\comproller\vendor\laravel\framework\src\Illuminate\Pipeline\Pipeline.php:180
C:\Users\kissb\Desktop\talanpenzthoz\comproller\vendor\laravel\framework\src\Illuminate\Pipeline\Pipeline.php:137
C:\Users\kissb\Desktop\talanpenzthoz\comproller\vendor\laravel\framework\src\Illuminate\Foundation\Http\Kernel.php:175
C:\Users\kissb\Desktop\talanpenzthoz\comproller\vendor\laravel\framework\src\Illuminate\Foundation\Http\Kernel.php:144
C:\Users\kissb\Desktop\talanpenzthoz\comproller\vendor\laravel\framework\src\Illuminate\Foundation\Testing\Concerns\MakesHttpRequests.php:607
C:\Users\kissb\Desktop\talanpenzthoz\comproller\vendor\livewire\livewire\src\Features\SupportTesting\InitialRender.php:33
C:\Users\kissb\Desktop\talanpenzthoz\comproller\vendor\livewire\livewire\src\Features\SupportTesting\RequestBroker.php:30
C:\Users\kissb\Desktop\talanpenzthoz\comproller\vendor\livewire\livewire\src\Features\SupportTesting\InitialRender.php:32
C:\Users\kissb\Desktop\talanpenzthoz\comproller\vendor\livewire\livewire\src\Features\SupportTesting\Render.php:24
C:\Users\kissb\Desktop\talanpenzthoz\comproller\vendor\livewire\livewire\src\Features\SupportTesting\InitialRender.php:31
C:\Users\kissb\Desktop\talanpenzthoz\comproller\vendor\livewire\livewire\src\Features\SupportTesting\InitialRender.php:17
C:\Users\kissb\Desktop\talanpenzthoz\comproller\vendor\livewire\livewire\src\Features\SupportTesting\Testable.php:50
C:\Users\kissb\Desktop\talanpenzthoz\comproller\vendor\livewire\livewire\src\LivewireManager.php:239
C:\Users\kissb\Desktop\talanpenzthoz\comproller\vendor\laravel\framework\src\Illuminate\Support\Facades\Facade.php:363
C:\Users\kissb\Desktop\talanpenzthoz\comproller\tests\Feature\Login2FaTest.php:93

ERRORS!
Tests: 4, Assertions: 0, Errors: 4.
